../Src/app_x-cube-ai.c:128:26:ai_mnetwork_handle	0	static
../Src/app_x-cube-ai.c:118:9:ai_mnetwork_is_valid	16	static
../Src/app_x-cube-ai.c:60:6:MX_X_CUBE_AI_Init	8	static
../Src/app_x-cube-ai.c:68:6:MX_X_CUBE_AI_Process	0	static
../Src/app_x-cube-ai.c:151:13:ai_mnetwork_find	16	static
../Src/app_x-cube-ai.c:168:10:ai_mnetwork_create	24	static
../Src/app_x-cube-ai.c:210:11:ai_mnetwork_destroy	16	static
../Src/app_x-cube-ai.c:225:9:ai_mnetwork_get_report	8	static
../Src/app_x-cube-ai.c:236:10:ai_mnetwork_get_error	8	static
../Src/app_x-cube-ai.c:251:9:ai_mnetwork_init	72	static
../Src/app_x-cube-ai.c:268:8:ai_mnetwork_run	16	static
../Src/app_x-cube-ai.c:280:8:ai_mnetwork_forward	8	static
../Src/app_x-cube-ai.c:291:6:ai_mnetwork_get_private_handle	16	static
