../Src/app_x-cube-ai.c:111:26:ai_mnetwork_handle	0	static
../Src/app_x-cube-ai.c:101:9:ai_mnetwork_is_valid.constprop	8	static
../Src/app_x-cube-ai.c:56:6:MX_X_CUBE_AI_Init	8	static
../Src/app_x-cube-ai.c:64:6:MX_X_CUBE_AI_Process	0	static
../Src/app_x-cube-ai.c:134:13:ai_mnetwork_find	8	static
../Src/app_x-cube-ai.c:151:10:ai_mnetwork_create	24	static
../Src/app_x-cube-ai.c:193:11:ai_mnetwork_destroy	16	static
../Src/app_x-cube-ai.c:208:9:ai_mnetwork_get_report	8	static
../Src/app_x-cube-ai.c:219:10:ai_mnetwork_get_error	8	static
../Src/app_x-cube-ai.c:234:9:ai_mnetwork_init	72	static
../Src/app_x-cube-ai.c:251:8:ai_mnetwork_run	16	static
../Src/app_x-cube-ai.c:263:8:ai_mnetwork_forward	8	static
../Src/app_x-cube-ai.c:274:6:ai_mnetwork_get_private_handle	16	static
