../Src/stm32f7xx_it.c:58:10:returnEmptyRAM	0	static,ignoring_inline_asm
../Src/stm32f7xx_it.c:88:6:NMI_Handler	0	static
../Src/stm32f7xx_it.c:103:6:HardFault_Handler	0	static
../Src/stm32f7xx_it.c:118:6:MemManage_Handler	0	static
../Src/stm32f7xx_it.c:133:6:BusFault_Handler	0	static
../Src/stm32f7xx_it.c:148:6:UsageFault_Handler	0	static
../Src/stm32f7xx_it.c:163:6:SVC_Handler	0	static
../Src/stm32f7xx_it.c:176:6:DebugMon_Handler	0	static
../Src/stm32f7xx_it.c:189:6:PendSV_Handler	0	static
../Src/stm32f7xx_it.c:202:6:SysTick_Handler	0	static
../Src/stm32f7xx_it.c:223:6:TIM3_IRQHandler	8	static
