../Src/aiTestUtility.c:325:13:_put_c_driver	16	static
../Src/aiTestUtility.c:162:5:ioRawGetUint8	8	static
../Src/aiTestUtility.c:220:6:ioRawWriteBuffer	8	static
../Src/aiTestUtility.c:229:6:ioRawReadBuffer	8	static
../Src/aiTestUtility.c:238:6:ioRawDisableLLWrite	0	static
../Src/aiTestUtility.c:249:5:_write	8	static
../Src/aiTestUtility.c:331:6:lc_print	16	static
../Src/aiTestUtility.c:357:7:__wrap_malloc	16	static
../Src/aiTestUtility.c:397:6:__wrap_free	8	static
../Src/aiTestUtility.c:448:6:stackMonInit	16	static
../Src/aiTestUtility.c:490:6:crcIpInit	16	static
../Src/aiTestUtility.c:506:10:systemCoreClock	0	static
../Src/aiTestUtility.c:517:5:dwtCyclesToTime	48	static
../Src/aiTestUtility.c:534:7:dwtCyclesToFloatMs	24	static
../Src/aiTestUtility.c:649:10:getFlashCacheConf	0	static
../Src/aiTestUtility.c:597:6:getSysConf.part.0	8	static
../Src/aiTestUtility.c:597:6:getSysConf	0	static
../Src/aiTestUtility.c:727:6:systemSettingLog	48	static
