../Core/Src/stm32f7xx_it.c:58:10:returnEmptyRAM	0	static,ignoring_inline_asm
../Core/Src/stm32f7xx_it.c:89:6:NMI_Handler	0	static
../Core/Src/stm32f7xx_it.c:104:6:HardFault_Handler	0	static
../Core/Src/stm32f7xx_it.c:119:6:MemManage_Handler	0	static
../Core/Src/stm32f7xx_it.c:134:6:BusFault_Handler	0	static
../Core/Src/stm32f7xx_it.c:149:6:UsageFault_Handler	0	static
../Core/Src/stm32f7xx_it.c:164:6:SVC_Handler	0	static
../Core/Src/stm32f7xx_it.c:177:6:DebugMon_Handler	0	static
../Core/Src/stm32f7xx_it.c:190:6:PendSV_Handler	0	static
../Core/Src/stm32f7xx_it.c:203:6:SysTick_Handler	0	static
../Core/Src/stm32f7xx_it.c:224:6:TIM3_IRQHandler	8	static
