12:08:42 **** Incremental Build of configuration Debug for project NUCLEO-F767ZI ****
make -j20 all 
arm-none-eabi-size   NUCLEO-F767ZI.elf 
   text	   data	    bss	    dec	    hex	filename
 122728	  16976	  47816	 187520	  2dc80	NUCLEO-F767ZI.elf
Finished building: default.size.stdout
 
12:08:47 **** Incremental Build of configuration Debug for project NUCLEO-F767ZI ****
make -j20 all 
arm-none-eabi-size   NUCLEO-F767ZI.elf 
   text	   data	    bss	    dec	    hex	filename
 122728	  16976	  47816	 187520	  2dc80	NUCLEO-F767ZI.elf
Finished building: default.size.stdout
 
12:11:20 **** Incremental Build of configuration Debug for project NUCLEO-F767ZI ****
make -j20 all 
arm-none-eabi-size   NUCLEO-F767ZI.elf 
   text	   data	    bss	    dec	    hex	filename
 122728	  16976	  47816	 187520	  2dc80	NUCLEO-F767ZI.elf
Finished building: default.size.stdout
 
12:13:33 **** Incremental Build of configuration Debug for project NUCLEO-F767ZI ****
make -j20 all 
arm-none-eabi-size   NUCLEO-F767ZI.elf 
   text	   data	    bss	    dec	    hex	filename
 122728	  16976	  47816	 187520	  2dc80	NUCLEO-F767ZI.elf
Finished building: default.size.stdout
 
12:13:38 **** Incremental Build of configuration Debug for project NUCLEO-F767ZI ****
make -j20 all 
arm-none-eabi-size   NUCLEO-F767ZI.elf 
   text	   data	    bss	    dec	    hex	filename
 122728	  16976	  47816	 187520	  2dc80	NUCLEO-F767ZI.elf
Finished building: default.size.stdout
 
12:13:56 **** Incremental Build of configuration Debug for project NUCLEO-F767ZI ****
make -j20 all 
arm-none-eabi-size   NUCLEO-F767ZI.elf 
   text	   data	    bss	    dec	    hex	filename
 122728	  16976	  47816	 187520	  2dc80	NUCLEO-F767ZI.elf
Finished building: default.size.stdout
 
12:42:50 **** Incremental Build of configuration Debug for project NUCLEO-F767ZI ****
make -j20 all 
arm-none-eabi-size   NUCLEO-F767ZI.elf 
   text	   data	    bss	    dec	    hex	filename
 122728	  16976	  47816	 187520	  2dc80	NUCLEO-F767ZI.elf
Finished building: default.size.stdout
 
12:44:01 **** Incremental Build of configuration Debug for project NUCLEO-F767ZI ****
make -j20 all 
arm-none-eabi-size   NUCLEO-F767ZI.elf 
   text	   data	    bss	    dec	    hex	filename
 122728	  16976	  47816	 187520	  2dc80	NUCLEO-F767ZI.elf
Finished building: default.size.stdout
 
19:26:42 **** Incremental Build of configuration Debug for project NUCLEO-F767ZI ****
make -j20 all 
arm-none-eabi-size   NUCLEO-F767ZI.elf 
   text	   data	    bss	    dec	    hex	filename
 122728	  16976	  47816	 187520	  2dc80	NUCLEO-F767ZI.elf
Finished building: default.size.stdout
 
